src/components/LocalSplatViewer.tsx(34,71): error TS2694: Namespace '"C:/Users/JaiderX/Downloads/Bench Marck/react-3d-benchmark/node_modules/@types/three/build/three.module"' has no exported member 'Shader'.
src/components/Scene.tsx(12,13): error TS6133: 'state' is declared but its value is never read.
